// Jest Snapshot v1, https://goo.gl/fbAQLP

exports[`should match full page snapshot 1`] = `
<div>
  <a
    class="usa-link"
    href="/choose-clinic"
  >
    Back
  </a>
  <form
    class="usa-form usa-form--large"
  >
    <h1>
      Contact information
    </h1>
    <p>
      All required questions are marked with an asterisk
       (
      <abbr
        class="usa-hint usa-hint--required"
      >
        *
      </abbr>
      ).
    </p>
    <fieldset
      class="usa-fieldset"
    >
      <h2>
        What's your name?
        <abbr
          class="usa-hint usa-hint--required"
        >
           *
        </abbr>
      </h2>
      <label
        class="usa-label"
        for="firstName"
      >
        First name
        <abbr
          class="usa-hint usa-hint--required"
        >
           *
        </abbr>
      </label>
      <input
        class="usa-input"
        id="firstName"
        name="firstName"
        role="textbox"
        value=""
      />
      <label
        class="usa-label"
        for="lastName"
      >
        Last name
        <abbr
          class="usa-hint usa-hint--required"
        >
           *
        </abbr>
      </label>
      <input
        class="usa-input"
        id="lastName"
        name="lastName"
        role="textbox"
        value=""
      />
    </fieldset>
    <fieldset
      class="usa-fieldset"
    >
      <h2>
        What's the best phone number to reach you at?
        <abbr
          class="usa-hint usa-hint--required"
        >
           *
        </abbr>
      </h2>
      <div
        class="usa-alert usa-alert--info usa-alert--no-icon"
        role="alert"
      >
        <div
          class="usa-alert__body"
        >
          <p
            class="usa-alert__text"
          >
            Your chosen WIC clinic will contact you via phone to set up a time for a certification appointment during business hours.
          </p>
        </div>
      </div>
      <label
        class="usa-label"
        for="phone"
      >
        Phone number
        <abbr
          class="usa-hint usa-hint--required"
        >
           *
        </abbr>
      </label>
      <input
        class="usa-input"
        id="phone"
        inputmode="numeric"
        name="phone"
        role="textbox"
        type="text"
        value=""
      />
    </fieldset>
    <fieldset
      class="usa-fieldset"
    >
      <h2>
        Is there anything else you'd like to share with us?
      </h2>
      <label
        class="usa-label"
        for="comments"
      >
        Comments, questions, other information
      </label>
      <textarea
        class="usa-textarea"
        id="comments"
        name="comments"
        role="textbox"
      />
    </fieldset>
    <button
      class="usa-button usa-button--small display-block margin-top-6"
      disabled=""
    >
      Continue
    </button>
  </form>
</div>
`;
