// Jest Snapshot v1, https://goo.gl/fbAQLP

exports[`Income should render the heading 1`] = `
<h2>
  To be eligible for WIC, your 
  <strong>
    household income before taxes
  </strong>
   must be 
  <strong>
    at
  </strong>
   or 
  <strong>
    below
  </strong>
   a certain income level.
</h2>
`;
