// Jest Snapshot v1, https://goo.gl/fbAQLP

exports[`should match full page snapshot 1`] = `
[
  <a
    className="usa-link"
    href="/eligibility"
    onClick={[Function]}
    onMouseEnter={[Function]}
    onTouchStart={[Function]}
  >
    Back
  </a>,
  <h1>
    Your eligibility
  </h1>,
  <h2>
    Given your responses, you are likely not eligible for WIC in Montana.
  </h2>,
  <p>
    We recommend visiting 
    <a
      className="usa-link usa-link--external"
      href="https://dphhs.mt.gov/Assistance"
      rel="noopener noreferrer"
      target="_blank"
    >
      https://dphhs.mt.gov/Assistance
    </a>
     to learn about other assistance in Montana.
  </p>,
  <p>
    If you are not currently living or working in Montana, visit 
    <a
      className="usa-link usa-link--external"
      href="https://www.signupwic.com/"
      rel="noopener noreferrer"
      target="_blank"
    >
      SignUpWIC.com
    </a>
     to find a clinic near you.
  </p>,
  <button
    className="usa-button usa-button--small display-block margin-top-6"
    onClick={[Function]}
  >
    Return to start page
  </button>,
]
`;
