// Jest Snapshot v1, https://goo.gl/fbAQLP

exports[`should match full page snapshot 1`] = `
<div>
  <a
    class="usa-link"
    href="/contact"
  >
    Back
  </a>
  <h1>
    Review and submit your information
  </h1>
  <p>
    Review the information on this page before submitting. If you want to make changes, select "Edit" to go to the section you want to change.
  </p>
  <div
    class="review-collection margin-top-6 border-bottom-1px"
  >
    <h2>
      Eligibility questions
      <div
        class="float-right"
      >
        <button
          class="usa-button usa-button--small display-block usa-button--unstyled margin-top-1"
        >
          Edit
        </button>
      </div>
    </h2>
    <dl
      class="margin-bottom-2"
    >
      <div
        class="review-element margin-bottom-3"
      >
        <dt>
          <strong>
            Do you live or work in Montana?
          </strong>
        </dt>
        <dd
          class="margin-left-0"
        >
          Yes
        </dd>
      </div>
      <div
        class="review-element margin-bottom-3"
      >
        <dt>
          <strong>
            Please select all the following that apply to your household:
          </strong>
        </dt>
        <dd
          class="margin-left-0"
        >
          <ul>
            <li>
              I'm pregnant
            </li>
            <li>
              I'm the guardian or foster parent of an infant or child under the age of 5 years old
            </li>
          </ul>
        </dd>
      </div>
      <div
        class="review-element margin-bottom-3"
      >
        <dt>
          <strong>
            Have you or someone in your household received WIC benefits before?
          </strong>
        </dt>
        <dd
          class="margin-left-0"
        >
          No
        </dd>
      </div>
      <div
        class="review-element margin-bottom-3"
      >
        <dt>
          <strong>
            Are you or someone in your household currently enrolled in any of the following programs in Montana?
          </strong>
        </dt>
        <dd
          class="margin-left-0"
        >
          <ul>
            <li>
              FDPIR (Food Distribution Program on Indian Reservations)
            </li>
            <li>
              SNAP (Supplemental Nutrition Assistance Program)
            </li>
          </ul>
        </dd>
      </div>
    </dl>
  </div>
  <div
    class="review-collection margin-top-6 border-bottom-1px"
  >
    <h2>
      Choose a clinic
      <div
        class="float-right"
      >
        <button
          class="usa-button usa-button--small display-block usa-button--unstyled margin-top-1"
        >
          Edit
        </button>
      </div>
    </h2>
    <dl
      class="margin-bottom-2"
    >
      <div
        class="review-element margin-bottom-3"
      >
        <dt>
          <strong>
            Residential ZIP code
          </strong>
        </dt>
        <dd
          class="margin-left-0"
        >
          <div>
            12345
          </div>
        </dd>
      </div>
      <div
        class="review-element margin-bottom-3"
      >
        <dt>
          <strong>
            You selected this WIC Clinic to visit
          </strong>
        </dt>
        <dd
          class="margin-left-0"
        >
          <div
            class="clinic-info"
          >
            <div
              class="clinic-name"
            >
              CLINIC ZERO
            </div>
            <div
              class=""
            >
              <div
                class="clinic-street-address"
              >
                0000 St, Helena, MT 00000
              </div>
              <div
                class="clinic-phone"
              >
                (000) 000-0000
              </div>
            </div>
          </div>
        </dd>
      </div>
    </dl>
  </div>
  <div
    class="review-collection margin-top-6 border-bottom-1px"
  >
    <h2>
      Contact information
      <div
        class="float-right"
      >
        <button
          class="usa-button usa-button--small display-block usa-button--unstyled margin-top-1"
        >
          Edit
        </button>
      </div>
    </h2>
    <dl
      class="margin-bottom-2"
    >
      <div
        class="review-element margin-bottom-3"
      >
        <dt>
          <strong>
            First name
          </strong>
        </dt>
        <dd
          class="margin-left-0"
        >
          Jack
        </dd>
      </div>
      <div
        class="review-element margin-bottom-3"
      >
        <dt>
          <strong>
            Last name
          </strong>
        </dt>
        <dd
          class="margin-left-0"
        >
          O Lantern
        </dd>
      </div>
      <div
        class="review-element margin-bottom-3"
      >
        <dt>
          <strong>
            Phone number
          </strong>
        </dt>
        <dd
          class="margin-left-0"
        >
          123-123-1234
        </dd>
      </div>
      <div
        class="review-element margin-bottom-3"
      >
        <dt>
          <strong>
            Comments, questions, other information
          </strong>
        </dt>
        <dd
          class="margin-left-0"
        >
          comments
        </dd>
      </div>
    </dl>
  </div>
  <button
    class="usa-button usa-button--small display-block margin-top-6"
  >
    Submit
  </button>
</div>
`;
