// Jest Snapshot v1, https://goo.gl/fbAQLP

exports[`should match snapshot 1`] = `
<div>
  <div
    class="usa-accordion usa-accordion--bordered"
  >
    <h3
      class="usa-accordion__heading"
    >
      <button
        aria-controls="b-a1"
        aria-expanded="false"
        class="usa-accordion__button"
        type="button"
      >
        header
      </button>
    </h3>
    <div
      class="usa-accordion__content"
      hidden=""
      id="b-a1"
    >
      body
    </div>
  </div>
</div>
`;
