// Jest Snapshot v1, https://goo.gl/fbAQLP

exports[`should match snapshot 1`] = `
<div>
  <div
    class="margin-bottom-3"
  >
    <div
      class="usa-alert usa-alert--error "
      role="alert"
    >
      <div
        class="usa-alert__body"
      >
        <p
          class="usa-alert__text"
        >
          alert body text
        </p>
      </div>
    </div>
  </div>
</div>
`;
