// Jest Snapshot v1, https://goo.gl/fbAQLP

exports[`should match snapshot 1`] = `
<div
  className="margin-bottom-3"
>
  <div
    className="usa-alert usa-alert--error "
    role="alert"
  >
    <div
      className="usa-alert__body"
    >
      <p
        className="usa-alert__text"
      >
        alert body text
      </p>
    </div>
  </div>
</div>
`;
