// Jest Snapshot v1, https://goo.gl/fbAQLP

exports[`should match snapshot 1`] = `
<div>
  <div
    class="review-element margin-bottom-3"
  >
    <dt>
      <strong>
        label
      </strong>
    </dt>
    <dd
      class="margin-left-0"
    >
      This is a child
    </dd>
  </div>
</div>
`;
